arbiter-aurus ('mrs-nsga2-apportion', 'aurus')
arbiter-aurus ('aurus-nsga2-apportion', 'aurus')
full-arbiter-aurus ('mrs-nsga2-apportion', 'aurus-nsga2-apportion')
detector-aurus ('mrs-nsga2-apportion', 'aurus-nsga2-apportion')
full-arbiter-aurus ('mrs-nsga2-apportion', 'mrs-weighted')
detector-aurus ('aurus-nsga2-apportion', 'aurus')
detector-aurus ('mrs-nsga2-apportion', 'aurus')
detector-aurus ('mrs-nsga2-apportion', 'mrs-weighted')
gyro-var1 ('mrs-nsga2-apportion', 'aurus-nsga2-apportion')
gyro-var1 ('mrs-nsga2-apportion', 'aurus')
gyro-var1 ('aurus-nsga2-apportion', 'aurus')
humanoid-458 ('mrs-nsga2-apportion', 'aurus')
arbiter-aurus ('mrs-nsga2-apportion', 'aurus-nsga2-apportion')
gyro-var2 ('mrs-nsga2-apportion', 'aurus-nsga2-apportion')
humanoid-458 ('aurus-nsga2-apportion', 'aurus')
gyro-var2 ('mrs-nsga2-apportion', 'aurus')
humanoid-458 ('mrs-nsga2-apportion', 'aurus-nsga2-apportion')
humanoid-503 ('mrs-nsga2-apportion', 'aurus-nsga2-apportion')
gyro-var1 ('mrs-nsga2-apportion', 'mrs-weighted')
humanoid-458 ('mrs-nsga2-apportion', 'mrs-weighted')
gyro-var2 ('aurus-nsga2-apportion', 'aurus')
gyro-var2 ('mrs-nsga2-apportion', 'mrs-weighted')
humanoid-503 ('mrs-nsga2-apportion', 'mrs-weighted')
lift ('mrs-nsga2-apportion', 'aurus')
arbiter-aurus ('mrs-nsga2-apportion', 'mrs-weighted')
humanoid-742 ('mrs-nsga2-apportion', 'aurus')
lift ('aurus-nsga2-apportion', 'aurus')
lily02 ('mrs-nsga2-apportion', 'aurus')
humanoid-742 ('aurus-nsga2-apportion', 'aurus')
lift ('mrs-nsga2-apportion', 'aurus-nsga2-apportion')
lily02 ('aurus-nsga2-apportion', 'aurus')
lift ('mrs-nsga2-apportion', 'mrs-weighted')
lily02 ('mrs-nsga2-apportion', 'aurus-nsga2-apportion')
humanoid-742 ('mrs-nsga2-apportion', 'aurus-nsga2-apportion')
lily02 ('mrs-nsga2-apportion', 'mrs-weighted')
lily11 ('mrs-nsga2-apportion', 'aurus')
humanoid-531 ('mrs-nsga2-apportion', 'aurus-nsga2-apportion')
lily15 ('mrs-nsga2-apportion', 'aurus')
lily15 ('aurus-nsga2-apportion', 'aurus')
lily16 ('mrs-nsga2-apportion', 'aurus')
lily15 ('mrs-nsga2-apportion', 'aurus-nsga2-apportion')
lily11 ('aurus-nsga2-apportion', 'aurus')
load-balancer-aurus ('mrs-nsga2-apportion', 'aurus')
load-balancer-aurus ('mrs-nsga2-apportion', 'aurus-nsga2-apportion')
load-balancer-aurus ('aurus-nsga2-apportion', 'aurus')
lily15 ('mrs-nsga2-apportion', 'mrs-weighted')
lily16 ('mrs-nsga2-apportion', 'mrs-weighted')
lily11 ('mrs-nsga2-apportion', 'aurus-nsga2-apportion')
humanoid-531 ('mrs-nsga2-apportion', 'mrs-weighted')
ltl2dba-r-2 ('mrs-nsga2-apportion', 'aurus')
ltl2dba-r-2 ('aurus-nsga2-apportion', 'aurus')
ltl2dba-r-2 ('mrs-nsga2-apportion', 'aurus-nsga2-apportion')
lily11 ('mrs-nsga2-apportion', 'mrs-weighted')
load-balancer-aurus ('mrs-nsga2-apportion', 'mrs-weighted')
ltl2dba-r-2 ('mrs-nsga2-apportion', 'mrs-weighted')
ltl2dba-theta-2 ('mrs-nsga2-apportion', 'aurus-nsga2-apportion')
ltl2dba-theta-2 ('aurus-nsga2-apportion', 'aurus')
ltl2dba-theta-2 ('mrs-nsga2-apportion', 'mrs-weighted')
ltl2dba-theta-2 ('mrs-nsga2-apportion', 'aurus')
ltl2dba27 ('mrs-nsga2-apportion', 'aurus')
ltl2dba27 ('mrs-nsga2-apportion', 'aurus-nsga2-apportion')
ltl2dba27 ('aurus-nsga2-apportion', 'aurus')
pcar-v2-888 ('mrs-nsga2-apportion', 'aurus')
ltl2dba27 ('mrs-nsga2-apportion', 'mrs-weighted')
pcar-v2-888 ('aurus-nsga2-apportion', 'aurus')
prioritized-arbiter-aurus ('mrs-nsga2-apportion', 'aurus-nsga2-apportion')
pcar-v2-888 ('mrs-nsga2-apportion', 'aurus-nsga2-apportion')
minepump ('mrs-nsga2-apportion', 'aurus')
minepump ('aurus-nsga2-apportion', 'aurus')
rg1 ('mrs-nsga2-apportion', 'aurus')
rg1 ('mrs-nsga2-apportion', 'aurus-nsga2-apportion')
rg1 ('aurus-nsga2-apportion', 'aurus')
prioritized-arbiter-aurus ('mrs-nsga2-apportion', 'mrs-weighted')
pcar-v2-888 ('mrs-nsga2-apportion', 'mrs-weighted')
minepump ('mrs-nsga2-apportion', 'aurus-nsga2-apportion')
rg2 ('mrs-nsga2-apportion', 'aurus')
rg2 ('aurus-nsga2-apportion', 'aurus')
rg2 ('mrs-nsga2-apportion', 'aurus-nsga2-apportion')
minepump ('mrs-nsga2-apportion', 'mrs-weighted')
round-robin-arbiter-aurus ('mrs-nsga2-apportion', 'aurus')
rg1 ('mrs-nsga2-apportion', 'mrs-weighted')
simple-arbiter-aurus ('mrs-nsga2-apportion', 'aurus')
round-robin-arbiter-aurus ('aurus-nsga2-apportion', 'aurus')
rg2 ('mrs-nsga2-apportion', 'mrs-weighted')
simple-arbiter-aurus ('aurus-nsga2-apportion', 'aurus')
simple-arbiter-aurus ('mrs-nsga2-apportion', 'aurus-nsga2-apportion')
round-robin-arbiter-aurus ('mrs-nsga2-apportion', 'aurus-nsga2-apportion')
simple-arbiter-aurus ('mrs-nsga2-apportion', 'mrs-weighted')
round-robin-arbiter-aurus ('mrs-nsga2-apportion', 'mrs-weighted')
humanoid-742 ('mrs-nsga2-apportion', 'mrs-weighted')
